delta 2 p 13 n 25 f = 50*x^6 - 58*x^4 + 22*x^2 + 2
Number of elements in Omega = 28
RATIONAL POINTS (per Omega element): [[], [], [], [], [], [], [], [], [], ['(-1 : -4 : 1)', '(-1 : 4 : 1)', '(1 : -4 : 1)', '(1 : 4 : 1)'], [], [], [], [], [], [], [], [], [], [], [], [], [], [], [], [], [], []]
EXTRA p-adic points per Omega element: [0, 0, 0, 0, 0, 0, 0, 0, 0, 4, 0, 0, 0, 0, 0, 0, 8, 0, 0, 0, 0, 0, 0, 0, 0, 0, 0, 0]
   extra[9]: (12 + 12*13 + 9*13^2 + 8*13^3 + 8*13^5 + 11*13^6 + 4*13^7 + 6*13^8 + 13^9 + 2*13^10 + 5*13^11 + 7*13^12 + 3*13^14 + 12*13^15 + 4*13^17 + 7*13^18 + 7*13^19 + 2*13^20 + O(13^21) : 9 + 12*13 + 9*13^2 + 5*13^3 + 6*13^4 + 6*13^6 + 4*13^9 + 10*13^10 + 12*13^11 + 8*13^12 + 13^13 + 13^14 + 7*13^15 + 10*13^16 + 13^17 + 6*13^18 + 2*13^19 + 3*13^20 + O(13^21) : 1 + O(13^25))
   extra[9]: (12 + 12*13 + 9*13^2 + 8*13^3 + 8*13^5 + 11*13^6 + 4*13^7 + 6*13^8 + 13^9 + 2*13^10 + 5*13^11 + 7*13^12 + 3*13^14 + 12*13^15 + 4*13^17 + 7*13^18 + 7*13^19 + 2*13^20 + O(13^21) : 4 + 3*13^2 + 7*13^3 + 6*13^4 + 12*13^5 + 6*13^6 + 12*13^7 + 12*13^8 + 8*13^9 + 2*13^10 + 4*13^12 + 11*13^13 + 11*13^14 + 5*13^15 + 2*13^16 + 11*13^17 + 6*13^18 + 10*13^19 + 9*13^20 + O(13^21) : 1 + O(13^25))
   extra[9]: (1 + 3*13^2 + 4*13^3 + 12*13^4 + 4*13^5 + 13^6 + 8*13^7 + 6*13^8 + 11*13^9 + 10*13^10 + 7*13^11 + 5*13^12 + 12*13^13 + 9*13^14 + 12*13^16 + 8*13^17 + 5*13^18 + 5*13^19 + 10*13^20 + O(13^21) : 9 + 12*13 + 9*13^2 + 5*13^3 + 6*13^4 + 6*13^6 + 4*13^9 + 10*13^10 + 12*13^11 + 8*13^12 + 13^13 + 13^14 + 7*13^15 + 10*13^16 + 13^17 + 6*13^18 + 2*13^19 + 3*13^20 + O(13^21) : 1 + O(13^25))
   extra[9]: (1 + 3*13^2 + 4*13^3 + 12*13^4 + 4*13^5 + 13^6 + 8*13^7 + 6*13^8 + 11*13^9 + 10*13^10 + 7*13^11 + 5*13^12 + 12*13^13 + 9*13^14 + 12*13^16 + 8*13^17 + 5*13^18 + 5*13^19 + 10*13^20 + O(13^21) : 4 + 3*13^2 + 7*13^3 + 6*13^4 + 12*13^5 + 6*13^6 + 12*13^7 + 12*13^8 + 8*13^9 + 2*13^10 + 4*13^12 + 11*13^13 + 11*13^14 + 5*13^15 + 2*13^16 + 11*13^17 + 6*13^18 + 10*13^19 + 9*13^20 + O(13^21) : 1 + O(13^25))
   extra[16]: (6 + 2*13^2 + 10*13^3 + 11*13^5 + 10*13^6 + 5*13^7 + 4*13^8 + 13^9 + 13^10 + 3*13^11 + 2*13^12 + 10*13^13 + 3*13^14 + 13^15 + 8*13^16 + 3*13^17 + 9*13^18 + 3*13^19 + 13^20 + O(13^21) : 1 + 3*13 + 4*13^2 + 8*13^3 + 9*13^6 + 7*13^8 + 12*13^9 + 12*13^10 + 2*13^11 + 3*13^12 + 12*13^13 + 13^14 + 6*13^15 + 13^16 + 4*13^17 + 7*13^18 + 4*13^19 + 4*13^20 + O(13^21) : 1 + O(13^25))
   extra[16]: (6 + 2*13^2 + 10*13^3 + 11*13^5 + 10*13^6 + 5*13^7 + 4*13^8 + 13^9 + 13^10 + 3*13^11 + 2*13^12 + 10*13^13 + 3*13^14 + 13^15 + 8*13^16 + 3*13^17 + 9*13^18 + 3*13^19 + 13^20 + O(13^21) : 12 + 9*13 + 8*13^2 + 4*13^3 + 12*13^4 + 12*13^5 + 3*13^6 + 12*13^7 + 5*13^8 + 10*13^11 + 9*13^12 + 11*13^14 + 6*13^15 + 11*13^16 + 8*13^17 + 5*13^18 + 8*13^19 + 8*13^20 + O(13^21) : 1 + O(13^25))
   extra[16]: (6 + 5*13^2 + 8*13^3 + 2*13^4 + 13^5 + 8*13^6 + 9*13^7 + 13^8 + 13^9 + 11*13^10 + 5*13^11 + 6*13^12 + 10*13^13 + 6*13^14 + 13^15 + 6*13^17 + 12*13^18 + 9*13^19 + 2*13^20 + O(13^21) : 1 + 3*13 + 11*13^2 + 2*13^3 + 6*13^4 + 9*13^5 + 5*13^6 + 9*13^7 + 13^8 + 5*13^9 + 8*13^10 + 4*13^11 + 8*13^12 + 10*13^13 + 8*13^14 + 12*13^15 + 12*13^16 + 12*13^17 + 3*13^18 + 4*13^19 + O(13^21) : 1 + O(13^25))
   extra[16]: (6 + 5*13^2 + 8*13^3 + 2*13^4 + 13^5 + 8*13^6 + 9*13^7 + 13^8 + 13^9 + 11*13^10 + 5*13^11 + 6*13^12 + 10*13^13 + 6*13^14 + 13^15 + 6*13^17 + 12*13^18 + 9*13^19 + 2*13^20 + O(13^21) : 12 + 9*13 + 13^2 + 10*13^3 + 6*13^4 + 3*13^5 + 7*13^6 + 3*13^7 + 11*13^8 + 7*13^9 + 4*13^10 + 8*13^11 + 4*13^12 + 2*13^13 + 4*13^14 + 9*13^18 + 8*13^19 + 12*13^20 + O(13^21) : 1 + O(13^25))
   extra[16]: (7 + 12*13 + 7*13^2 + 4*13^3 + 10*13^4 + 11*13^5 + 4*13^6 + 3*13^7 + 11*13^8 + 11*13^9 + 13^10 + 7*13^11 + 6*13^12 + 2*13^13 + 6*13^14 + 11*13^15 + 12*13^16 + 6*13^17 + 3*13^19 + 10*13^20 + O(13^21) : 1 + 3*13 + 11*13^2 + 2*13^3 + 6*13^4 + 9*13^5 + 5*13^6 + 9*13^7 + 13^8 + 5*13^9 + 8*13^10 + 4*13^11 + 8*13^12 + 10*13^13 + 8*13^14 + 12*13^15 + 12*13^16 + 12*13^17 + 3*13^18 + 4*13^19 + O(13^21) : 1 + O(13^25))
   extra[16]: (7 + 12*13 + 7*13^2 + 4*13^3 + 10*13^4 + 11*13^5 + 4*13^6 + 3*13^7 + 11*13^8 + 11*13^9 + 13^10 + 7*13^11 + 6*13^12 + 2*13^13 + 6*13^14 + 11*13^15 + 12*13^16 + 6*13^17 + 3*13^19 + 10*13^20 + O(13^21) : 12 + 9*13 + 13^2 + 10*13^3 + 6*13^4 + 3*13^5 + 7*13^6 + 3*13^7 + 11*13^8 + 7*13^9 + 4*13^10 + 8*13^11 + 4*13^12 + 2*13^13 + 4*13^14 + 9*13^18 + 8*13^19 + 12*13^20 + O(13^21) : 1 + O(13^25))
Traceback (most recent call last):
  File "/home/will/qc_runs/run_qc.sage.py", line 21, in <module>
    json.dump({"delta": d, "p": p, "n": n, "rational_points": [[str(P) for P in L] for L in rat], "n_extra": [len(L) for L in other],
  File "/home/will/miniconda3/envs/sage/lib/python3.11/json/__init__.py", line 179, in dump
    for chunk in iterable:
  File "/home/will/miniconda3/envs/sage/lib/python3.11/json/encoder.py", line 432, in _iterencode
    yield from _iterencode_dict(o, _current_indent_level)
  File "/home/will/miniconda3/envs/sage/lib/python3.11/json/encoder.py", line 406, in _iterencode_dict
    yield from chunks
  File "/home/will/miniconda3/envs/sage/lib/python3.11/json/encoder.py", line 439, in _iterencode
    o = _default(o)
        ^^^^^^^^^^^
  File "/home/will/miniconda3/envs/sage/lib/python3.11/json/encoder.py", line 180, in default
    raise TypeError(f'Object of type {o.__class__.__name__} '
TypeError: Object of type Integer is not JSON serializable
